C51 COMPILER V9.60.0.0   I2C_VL533L0X                                                      09/19/2025 16:16:50 PAGE 1   


C51 COMPILER V9.60.0.0, COMPILATION OF MODULE I2C_VL533L0X
OBJECT MODULE PLACED IN .\src\I2C_VL533L0X.OBJ
COMPILER INVOKED BY: C:\SiliconLabs\SimplicityStudio\v5_3\developer\toolchains\keil_8051\9.60\BIN\C51.exe C:\Users\User\
                    -Desktop\Laser_ranging\ranging_sensor\src\I2C_VL533L0X.c OMF2 SMALL DEBUG OBJECTEXTEND ROM(LARGE) WARNINGLEVEL(2) FLOATFU
                    -ZZY(3) OPTIMIZE(8,SPEED) DEFINE(DEBUG=1) INTVECTOR(0X0000) INTPROMOTE INCDIR(C:/SiliconLabs/SimplicityStudio/v5_3/develo
                    -per/sdks/8051/v4.3.1//Device/shared/si8051Base;C:/SiliconLabs/SimplicityStudio/v5_3/developer/sdks/8051/v4.3.1//Device/C
                    -8051F380/inc) PRINT(.\src\I2C_VL533L0X.lst) COND PAGEWIDTH(120) PAGELENGTH(65) OBJECT(.\src\I2C_VL533L0X.OBJ)

line level    source

   1          /*#include "I2C.h"
   2          #include "I2C_VL533L0X.h"
   3          #include "vl53l0x_def.h"
   4          #include "vl53l0x_platform.h"
   5          
   6          // 寫入多個位元組
   7          int32_t VL53L0X_write_multi(VL53L0X_DEV Dev, uint8_t index, uint8_t *Data, int32_t count) {
   8              I2C_WriteDevice(Dev, index, Data, (uint8_t)count); // 轉型
   9              return 0;
  10          }
  11          
  12          // 讀取多個位元組
  13          int32_t VL53L0X_read_multi(VL53L0X_DEV Dev, uint8_t index, uint8_t *Data, int32_t count) {
  14              uint8_t i;
  15          
  16              I2C_ReadDevice(Dev, index, (uint8_t)count); // 轉型
  17          
  18              for (int i = 0; i < count; i++) {
  19                  Data[i] = rx_buffer[i];
  20              }
  21              return 0;
  22          }
  23          
  24          // 寫入單一位元組
  25          int32_t VL53L0X_WrByte(VL53L0X_DEV Dev, uint8_t index, uint8_t Data) {
  26              I2C_WriteDevice(Dev, index, &Data, 1);
  27              return 0;
  28          }
  29          
  30          // 讀取單一位元組
  31          int32_t VL53L0X_RdByte(VL53L0X_DEV Dev, uint8_t index, uint8_t *Data) {
  32              I2C_ReadDevice(Dev, index, 1);
  33              *Data = rx_buffer[0];
  34              return 0;
  35          }*/


MODULE INFORMATION:   STATIC OVERLAYABLE
   CODE SIZE        =   ----    ----
   CONSTANT SIZE    =   ----    ----
   XDATA SIZE       =   ----    ----
   PDATA SIZE       =   ----    ----
   DATA SIZE        =   ----    ----
   IDATA SIZE       =   ----    ----
   BIT SIZE         =   ----    ----
   EDATA SIZE       =   ----    ----
   HDATA SIZE       =   ----    ----
   XDATA CONST SIZE =   ----    ----
   FAR CONST SIZE   =   ----    ----
END OF MODULE INFORMATION.


C51 COMPILATION COMPLETE.  0 WARNING(S),  0 ERROR(S)
