C51 COMPILER V9.60.0.0   RANGING_SENSOR_MAIN                                               09/24/2025 18:57:13 PAGE 1   


C51 COMPILER V9.60.0.0, COMPILATION OF MODULE RANGING_SENSOR_MAIN
OBJECT MODULE PLACED IN .\src\ranging_sensor_main.OBJ
COMPILER INVOKED BY: C:\SiliconLabs\SimplicityStudio\v5_3\developer\toolchains\keil_8051\9.60\BIN\C51.exe C:\Users\User\
                    -Desktop\Laser_ranging\ranging_sensor\src\ranging_sensor_main.c OMF2 SMALL DEBUG OBJECTEXTEND ROM(LARGE) WARNINGLEVEL(2) 
                    -FLOATFUZZY(3) OPTIMIZE(8,SPEED) DEFINE(DEBUG=1) INTVECTOR(0X0000) INTPROMOTE INCDIR(C:\Users\User\Desktop\Laser_ranging\
                    -ranging_sensor\inc;C:/SiliconLabs/SimplicityStudio/v5_3/developer/sdks/8051/v4.3.1//Device/shared/si8051Base;C:/SiliconL
                    -abs/SimplicityStudio/v5_3/developer/sdks/8051/v4.3.1//Device/C8051F380/inc;C:\Users\User\Desktop\Laser_ranging\ranging_s
                    -ensor\inc) PRINT(.\src\ranging_sensor_main.lst) COND PAGEWIDTH(120) PAGELENGTH(65) OBJECT(.\src\ranging_sensor_main.OBJ)

line level    source

   1          
   2          //-----------------------------------------------------------------------------
   3          // Includes
   4          //-----------------------------------------------------------------------------
   5          #include <SI_C8051F380_Register_Enums.h> // SFR declarations
   6          #include "system_init.h"
   7          #include "timer.h"
   8          #include "I2C.h"
   9          #include "VL53L0X.h"
  10          
  11          // ----------------------------------------------------------------------------
  12          // VL53L0X defines
  13          // ----------------------------------------------------------------------------
  14          // Uncomment this line to use long range mode. This
  15          // increases the sensitivity of the sensor and extends its
  16          // potential range, but increases the likelihood of getting
  17          // an inaccurate reading because of reflections from objects
  18          // other than the intended target. It works best in dark
  19          // conditions.
  20          
  21          // #define LONG_RANGE
  22          
  23          // Uncomment ONE of these two lines to get
  24          // - higher speed at the cost of lower accuracy OR
  25          // - higher accuracy at the cost of lower speed
  26          
  27          #define HIGH_SPEED
  28          // #define HIGH_ACCURACY
  29          
  30          // io_2v8(2.6v~3.5v); address; io_timeout; did_timeout
  31          xdata struct VL53L0X myTOFsensor = {true, 0x29, 500, false}; // 0x29<<1 = 0x52
  32          
  33          //-----------------------------------------------------------------------------
  34          // SiLabs_Startup() Routine
  35          // ----------------------------------------------------------------------------
  36          void SiLabs_Startup(void)
  37          {
  38   1        PCA0MD = 0x00; // Disable watch-dog timer
  39   1      }
  40          
  41          //-----------------------------------------------------------------------------
  42          // main() Routine
  43          // ----------------------------------------------------------------------------
  44          int main(void)
  45          {
  46   1      
  47   1        OSCILLATOR_Init();
  48   1        Init_Timers();
  49   1        PORT_Init();
  50   1        I2C_Init();
  51   1      
C51 COMPILER V9.60.0.0   RANGING_SENSOR_MAIN                                               09/24/2025 18:57:13 PAGE 2   

  52   1        IE_EA = 1; // Global interrupt enable
  53   1      
  54   1      
  55   1        // I2C_WriteDevice(0x12,0x32,&test,2);   // test ok
  56   1        // I2C_ReadDevice(0x12,0x32,&test,2);   // test
  57   1      
  58   1        // Init
  59   1        if (VL53L0X_init(&myTOFsensor))
  60   1        {
  61   2          // USART1_transmitString("init successful\n");
  62   2        }
  63   1        else
  64   1        {
  65   2          // USART1_transmitString("init error");
  66   2          // return 0;
  67   2        }
  68   1      
  69   1      #ifdef LONG_RANGE
                // lower the return signal rate limit (default is 0.25 MCPS)
                VL53L0X_setSignalRateLimit(&myTOFsensor, 0.1);
                // increase laser pulse periods (defaults are 14 and 10 PCLKs)
                VL53L0X_setVcselPulsePeriod(&myTOFsensor, VcselPeriodPreRange, 18);
                VL53L0X_setVcselPulsePeriod(&myTOFsensor, VcselPeriodFinalRange, 14);
              #endif
  76   1      #ifdef HIGH_SPEED
  77   1        // reduce timing budget to 20 ms (default is about 33 ms)
  78   1        VL53L0X_setMeasurementTimingBudget(&myTOFsensor, 20000);
  79   1        // USART1_transmitString("step1\n");
  80   1      #else // HIGH_ACCURACY
                // increase timing budget to 200 ms
                VL53L0X_setMeasurementTimingBudget(&myTOFsensor, 200000);
              #endif
  84   1      
  85   1        VL53L0X_startContinuous(&myTOFsensor, 0);
  86   1      
  87   1        while (1)
  88   1        {
  89   2          /*
  90   2         uint16_t value = VL53L0X_readRangeContinuousMillimeters (&myTOFsensor);
  91   2         //sprintf(strbuf, "\t%d\tmm\n", value);
  92   2         //USART1_transmitString(strbuf);
  93   2         if (VL53L0X_timeoutOccurred (&myTOFsensor))
  94   2         {
  95   2             //USART1_transmitString ("TIMEOUT\n");
  96   2         }*/
  97   2      
  98   2          // Check if the switch is pressed and I2C is not busy
  99   2          if (SW == 0)
 100   2          {
 101   3            // Simple debounce
 102   3            while (i2c_busy != 0)
 103   3            {
 104   4            }
 105   3      
 106   3            if (i2c_busy == 0)
 107   3            {
 108   4              VL53L0X_readRangeSingleMillimeters(&myTOFsensor);
 109   4            }
 110   3          }
 111   2        }
 112   1      }


C51 COMPILER V9.60.0.0   RANGING_SENSOR_MAIN                                               09/24/2025 18:57:13 PAGE 3   

MODULE INFORMATION:   STATIC OVERLAYABLE
   CODE SIZE        =     85    ----
   CONSTANT SIZE    =   ----    ----
   XDATA SIZE       =     12    ----
   PDATA SIZE       =   ----    ----
   DATA SIZE        =   ----    ----
   IDATA SIZE       =   ----    ----
   BIT SIZE         =   ----    ----
   EDATA SIZE       =   ----    ----
   HDATA SIZE       =   ----    ----
   XDATA CONST SIZE =   ----    ----
   FAR CONST SIZE   =   ----    ----
END OF MODULE INFORMATION.


C51 COMPILATION COMPLETE.  0 WARNING(S),  0 ERROR(S)
