C51 COMPILER V9.60.0.0   SYSTEM_INIT                                                       09/24/2025 18:57:13 PAGE 1   


C51 COMPILER V9.60.0.0, COMPILATION OF MODULE SYSTEM_INIT
OBJECT MODULE PLACED IN .\src\system_init.OBJ
COMPILER INVOKED BY: C:\SiliconLabs\SimplicityStudio\v5_3\developer\toolchains\keil_8051\9.60\BIN\C51.exe C:\Users\User\
                    -Desktop\Laser_ranging\ranging_sensor\src\system_init.c OMF2 SMALL DEBUG OBJECTEXTEND ROM(LARGE) WARNINGLEVEL(2) FLOATFUZ
                    -ZY(3) OPTIMIZE(8,SPEED) DEFINE(DEBUG=1) INTVECTOR(0X0000) INTPROMOTE INCDIR(C:\Users\User\Desktop\Laser_ranging\ranging_
                    -sensor\inc;C:/SiliconLabs/SimplicityStudio/v5_3/developer/sdks/8051/v4.3.1//Device/shared/si8051Base;C:/SiliconLabs/Simp
                    -licityStudio/v5_3/developer/sdks/8051/v4.3.1//Device/C8051F380/inc;C:\Users\User\Desktop\Laser_ranging\ranging_sensor\in
                    -c) PRINT(.\src\system_init.lst) COND PAGEWIDTH(120) PAGELENGTH(65) OBJECT(.\src\system_init.OBJ)

line level    source

   1          #include "system_init.h"
   2          
   3          // ----------------------------------------------------------------------------
   4          // Port Initialization
   5          // ----------------------------------------------------------------------------
   6          void PORT_Init(void)
   7          {
   8   1         P0MDOUT = 0x08; // All P0 pins open-drain output
   9   1                         // (GPIO) is for interrupt mode
  10   1      
  11   1         XBR0 = 0x04; // Enable SMBus pins
  12   1         XBR1 = 0x40; // Enable crossbar and weak pull-ups
  13   1      
  14   1         P0 = 0xFF; // init high
  15   1      }
  16          
  17          //-----------------------------------------------------------------------------
  18          // I2C/SMBus Initialization
  19          //-----------------------------------------------------------------------------
  20          void I2C_Init(void)
  21          {
  22   1         SMB0CF = 0x5D; // Use Timer1 overflows as SMBus clock
  23   1                        // source;
  24   1                        // Disable slave mode;
  25   1                        // Enable setup & hold time
  26   1                        // extensions;
  27   1                        // Enable SMBus Free timeout detect;
  28   1                        // Enable SCL low timeout detect;
  29   1      
  30   1         // SMB0CF &= ~0x02;                    // test-only, disable Free timeout detect
  31   1      
  32   1         SMB0CF |= 0x80; // Enable SMBus;
  33   1      
  34   1         EIE1 |= 0x01; // Enable the SMBus interrupt
  35   1         EIP1 |= 0x01; // make the SMBus interrupt high
  36   1                       // priority
  37   1      }
  38          
  39          //-----------------------------------------------------------------------------
  40          // Oscillator Initialization
  41          //-----------------------------------------------------------------------------
  42          void OSCILLATOR_Init(void)
  43          {
  44   1         OSCICN = 0x83; // Internal oscillator = 12 MHz
  45   1      }


MODULE INFORMATION:   STATIC OVERLAYABLE
   CODE SIZE        =     30    ----
   CONSTANT SIZE    =   ----    ----
   XDATA SIZE       =   ----    ----
C51 COMPILER V9.60.0.0   SYSTEM_INIT                                                       09/24/2025 18:57:13 PAGE 2   

   PDATA SIZE       =   ----    ----
   DATA SIZE        =   ----    ----
   IDATA SIZE       =   ----    ----
   BIT SIZE         =   ----    ----
   EDATA SIZE       =   ----    ----
   HDATA SIZE       =   ----    ----
   XDATA CONST SIZE =   ----    ----
   FAR CONST SIZE   =   ----    ----
END OF MODULE INFORMATION.


C51 COMPILATION COMPLETE.  0 WARNING(S),  0 ERROR(S)
